Microchip MPLAB XC8 Compiler V1.12 ()

Linker command line:

--edf=/opt/microchip/xc8/v1.12/dat/en_msgs.txt -cs \
  -h+dist/default/production/uPR.X.production.sym -z -Q18F23K20 -ol.obj \
  -Mdist/default/production/uPR.X.production.map -E1 -ver=XC8 \
  -ACODE=00h-01FFFh -ACONST=00h-01FFFh -ASMALLCONST=0200h-02FFhx30 \
  -AMEDIUMCONST=0200h-01FFFh -ACOMRAM=01h-05Fh -AABS1=00h-01FFh \
  -ABIGRAM=01h-01FFh -ARAM=060h-0FFh,0100h-01FFh -ABANK0=060h-0FFh \
  -ABANK1=0100h-01FFh -ASFR=0F60h-0FFFh \
  -preset_vec=00h,intcode,intcodelo=018h,powerup,init,end_init \
  -pramtop=0200h -psmallconst=SMALLCONST -pmediumconst=MEDIUMCONST \
  -pconst=CONST -AFARRAM=00h-00h -ACONFIG=0300000h-030000Dh -pconfig=CONFIG \
  -AIDLOC=0200000h-0200007h -pidloc=IDLOC -AEEDATA=0F00000h-0F000FFh \
  -peeprom_data=EEDATA \
  -prdata=COMRAM,nvrram=COMRAM,nvbit=COMRAM,rbss=COMRAM,rbit=COMRAM \
  -pfarbss=FARRAM,fardata=FARRAM \
  -pintsave_regs=BIGRAM,bigbss=BIGRAM,bigdata=BIGRAM -pbss=RAM \
  -pidata=CODE,irdata=CODE,ibigdata=CODE,ifardata=CODE /tmp/cgtpYnKkU.obj \
  dist/default/production/uPR.X.production.obj 

Object code version is 3.10

Machine type is 18F23K20

Call graph: (short form)




                Name                               Link     Load   Length Selector   Space Scale
/tmp/cgtpYnKkU.obj
                end_init                             F2       F2        4        C       0
                reset_vec                             0        0        4        0       0
                idloc                            200000   200000        8   200000       0
                config                           300000   300000        E   300000       0
dist/default/production/uPR.X.production.obj
                intcodelo                            18       18       DA        C       0
                mediumconst                        1F34     1F34       CC      F9A       0
                text11                              AF2      AF2       A8        C       0
                text10                              A36      A36       BC        C       0
                text9                               D04      D04       62        C       0
                text8                               DBC      DBC       26        C       0
                text7                               C26      C26       7C        C       0
                text6                               966      966       D0        C       0
                text5                               CA2      CA2       62        C       0
                text4                               B9A      B9A       8C        C       0
                text3                                F6       F6      422        C       0
                text2                               518      518      34C        C       0
                text1                               864      864      102        C       0
                text0                               DE2      DE2       16        C       0
                cstackCOMRAM                          1        1       2C        1       1
                cstackBANK0                          74       74        8       60       1
                dataBANK0                            60       60       14       60       1
                dataCOMRAM                           2D       2D       14        1       1
                bssCOMRAM                            41       41        A        1       1
                cinit                               D66      D66       56        C       0
                idataBANK0                          E0C      E0C       14        C       0
                idataCOMRAM                         DF8      DF8       14        C       0

TOTAL           Name                               Link     Load   Length     Space
        CLASS   CODE           
                end_init                             F2       F2        4         0
                intcodelo                            18       18       DA         0
                reset_vec                             0        0        4         0
                text11                              AF2      AF2       A8         0
                text10                              A36      A36       BC         0
                text9                               D04      D04       62         0
                text8                               DBC      DBC       26         0
                text7                               C26      C26       7C         0
                text6                               966      966       D0         0
                text5                               CA2      CA2       62         0
                text4                               B9A      B9A       8C         0
                text3                                F6       F6      422         0
                text2                               518      518      34C         0
                text1                               864      864      102         0
                text0                               DE2      DE2       16         0
                cinit                               D66      D66       56         0
                idataBANK0                          E0C      E0C       14         0
                idataCOMRAM                         DF8      DF8       14         0

        CLASS   CONST          

        CLASS   SMALLCONST     

        CLASS   MEDIUMCONST    
                mediumconst                        1F34     1F34       CC         0

        CLASS   COMRAM         
                cstackCOMRAM                          1        1       2C         1
                dataCOMRAM                           2D       2D       14         1
                bssCOMRAM                            41       41        A         1

        CLASS   ABS1           

        CLASS   BIGRAM         

        CLASS   RAM            

        CLASS   BANK0          
                cstackBANK0                          74       74        8         1
                dataBANK0                            60       60       14         1

        CLASS   BANK1          

        CLASS   SFR            

        CLASS   FARRAM         

        CLASS   CONFIG         
                config                           300000   300000        E         0

        CLASS   IDLOC          
                idloc                            200000   200000        8         0

        CLASS   EEDATA         



SEGMENTS        Name                           Load    Length   Top    Selector   Space  Class

                reset_vec                      000000  000004  000004         0       0  CODE    
                cstackCOMRAM                   000001  00004A  00004B         1       1  COMRAM  
                intcodelo                      000018  000E08  000E20         C       0  CODE    
                dataBANK0                      000060  00001C  00007C        60       1  BANK0   
                mediumconst                    001F34  0000CC  002000       F9A       0  MEDIUMCO
                idloc                          200000  000008  200008    200000       0  IDLOC   
                config                         300000  00000E  30000E    300000       0  CONFIG  


UNUSED ADDRESS RANGES

        Name                Unused          Largest block    Delta
        BANK0            00007C-0000FF               84
        BANK1            000100-0001FF              100
        BIGRAM           00004B-00005F               15
                         00007C-0001FF              184
        CODE             000004-000017               14
                         000E20-001F33             1114
        COMRAM           00004B-00005F               15
        CONST            000004-000017               14
                         000E20-001F33             1114
        EEDATA           F00000-F000FF              100
        MEDIUMCONST      000E20-001F33             1114
        RAM              00007C-0001FF               84
        SFR              000F60-000FFF               A0
        SMALLCONST       000E20-001F33              100

                                  Symbol Table

?___awdiv                cstackCOMRAM 000016
?___awmod                cstackCOMRAM 000016
?_digitalRead            cstackCOMRAM 000016
?_digitalWrite           cstackCOMRAM 000016
?_display                cstackCOMRAM 000021
?_displayRaw             cstackCOMRAM 00001B
?_millis                 cstackCOMRAM 000016
?_pinMode                cstackCOMRAM 000016
_ANSEL                   (abs)        000F7E
_ANSELH                  (abs)        000F7F
_INTCON2bits             (abs)        000FF1
_INTCONbits              (abs)        000FF2
_LATA                    (abs)        000F89
_LATB                    (abs)        000F8A
_LATC                    (abs)        000F8B
_OSCCONbits              (abs)        000FD3
_OSCTUNEbits             (abs)        000F9B
_PORTA                   (abs)        000F80
_PORTB                   (abs)        000F81
_PORTC                   (abs)        000F82
_T0CONbits               (abs)        000FD5
_TMR0H                   (abs)        000FD7
_TMR0L                   (abs)        000FD6
_TRISA                   (abs)        000F92
_TRISB                   (abs)        000F93
_TRISC                   (abs)        000F94
_WPUB                    (abs)        000F7C
__CFG_BOREN$OFF          (abs)        000000
__CFG_BORV$18            (abs)        000000
__CFG_CCP2MX$PORTC       (abs)        000000
__CFG_CP0$OFF            (abs)        000000
__CFG_CP1$OFF            (abs)        000000
__CFG_CPB$OFF            (abs)        000000
__CFG_CPD$OFF            (abs)        000000
__CFG_EBTR0$OFF          (abs)        000000
__CFG_EBTR1$OFF          (abs)        000000
__CFG_EBTRB$OFF          (abs)        000000
__CFG_FCMEN$OFF          (abs)        000000
__CFG_FOSC$INTIO67       (abs)        000000
__CFG_HFOFST$ON          (abs)        000000
__CFG_IESO$OFF           (abs)        000000
__CFG_LPT1OSC$OFF        (abs)        000000
__CFG_LVP$OFF            (abs)        000000
__CFG_MCLRE$ON           (abs)        000000
__CFG_PBADEN$ON          (abs)        000000
__CFG_PWRT$OFF           (abs)        000000
__CFG_STVREN$ON          (abs)        000000
__CFG_WDTEN$OFF          (abs)        000000
__CFG_WDTPS$32768        (abs)        000000
__CFG_WRT0$OFF           (abs)        000000
__CFG_WRT1$OFF           (abs)        000000
__CFG_WRTB$OFF           (abs)        000000
__CFG_WRTC$OFF           (abs)        000000
__CFG_WRTD$OFF           (abs)        000000
__CFG_XINST$OFF          (abs)        000000
__HRAM                   (abs)        000000
__Habs1                  abs1         000000
__Hbank0                 bank0        000000
__Hbank1                 bank1        000000
__Hbigbss                bigbss       000000
__Hbigdata               bigdata      000000
__Hbigram                bigram       000000
__Hbss                   bss          000000
__HbssCOMRAM             bssCOMRAM    000000
__Hcinit                 cinit        000000
__Hclrtext               clrtext      000000
__Hcomram                comram       000000
__Hconfig                config       30000E
__Hconst                 const        000000
__HcstackBANK0           cstackBANK0  000000
__HcstackCOMRAM          cstackCOMRAM 000000
__Hdata                  data         000000
__HdataBANK0             dataBANK0    000000
__HdataCOMRAM            dataCOMRAM   000000
__Heeprom_data           eeprom_data  000000
__Hend_init              end_init     0000F6
__Hfarbss                farbss       000000
__Hfardata               fardata      000000
__Hibigdata              ibigdata     000000
__Hidata                 idata        000000
__HidataBANK0            idataBANK0   000000
__HidataCOMRAM           idataCOMRAM  000000
__Hidloc                 idloc        200008
__Hifardata              ifardata     000000
__Hinit                  init         0000F2
__Hintcode               intcode      000004
__Hintcode_body          intcode_body 000000
__Hintcodelo             intcodelo    0000F2
__Hintentry              intentry     000000
__Hintret                intret       000000
__Hintsave_regs          intsave_regs 000000
__Hirdata                irdata       000000
__Hmediumconst           mediumconst  002000
__Hnvbit                 nvbit        000000
__Hnvrram                nvrram       000000
__Hparam                 rparam       000000
__Hpowerup               powerup      0000F2
__Hram                   ram          000000
__Hramtop                ramtop       000200
__Hrbit                  rbit         000000
__Hrbss                  rbss         000000
__Hrdata                 rdata        000000
__Hreset_vec             reset_vec    000004
__Hrparam                rparam       000000
__Hsfr                   sfr          000000
__Hsmallconst            smallconst   000000
__Hstruct                struct       000000
__Htemp                  temp         000000
__Htext                  text         000000
__Htext0                 text0        000000
__Htext1                 text1        000000
__Htext10                text10       000000
__Htext11                text11       000000
__Htext2                 text2        000000
__Htext3                 text3        000000
__Htext4                 text4        000000
__Htext5                 text5        000000
__Htext6                 text6        000000
__Htext7                 text7        000000
__Htext8                 text8        000000
__Htext9                 text9        000000
__LRAM                   (abs)        000001
__Labs1                  abs1         000000
__Lbank0                 bank0        000000
__Lbank1                 bank1        000000
__Lbigbss                bigbss       000000
__Lbigdata               bigdata      000000
__Lbigram                bigram       000000
__Lbss                   bss          000000
__LbssCOMRAM             bssCOMRAM    000000
__Lcinit                 cinit        000000
__Lclrtext               clrtext      000000
__Lcomram                comram       000000
__Lconfig                config       300000
__Lconst                 const        000000
__LcstackBANK0           cstackBANK0  000000
__LcstackCOMRAM          cstackCOMRAM 000000
__Ldata                  data         000000
__LdataBANK0             dataBANK0    000000
__LdataCOMRAM            dataCOMRAM   000000
__Leeprom_data           eeprom_data  000000
__Lend_init              end_init     0000F2
__Lfarbss                farbss       000000
__Lfardata               fardata      000000
__Libigdata              ibigdata     000000
__Lidata                 idata        000000
__LidataBANK0            idataBANK0   000000
__LidataCOMRAM           idataCOMRAM  000000
__Lidloc                 idloc        200000
__Lifardata              ifardata     000000
__Linit                  init         0000F2
__Lintcode               intcode      000004
__Lintcode_body          intcode_body 000000
__Lintcodelo             intcodelo    000018
__Lintentry              intentry     000000
__Lintret                intret       000000
__Lintsave_regs          intsave_regs 000000
__Lirdata                irdata       000000
__Lmediumconst           mediumconst  001F34
__Lnvbit                 nvbit        000000
__Lnvrram                nvrram       000000
__Lparam                 rparam       000000
__Lpowerup               powerup      0000F2
__Lram                   ram          000000
__Lramtop                ramtop       000200
__Lrbit                  rbit         000000
__Lrbss                  rbss         000000
__Lrdata                 rdata        000000
__Lreset_vec             reset_vec    000000
__Lrparam                rparam       000000
__Lsfr                   sfr          000000
__Lsmallconst            smallconst   000000
__Lstruct                struct       000000
__Ltemp                  temp         000000
__Ltext                  text         000000
__Ltext0                 text0        000000
__Ltext1                 text1        000000
__Ltext10                text10       000000
__Ltext11                text11       000000
__Ltext2                 text2        000000
__Ltext3                 text3        000000
__Ltext4                 text4        000000
__Ltext5                 text5        000000
__Ltext6                 text6        000000
__Ltext7                 text7        000000
__Ltext8                 text8        000000
__Ltext9                 text9        000000
__S0                     (abs)        30000E
__S1                     (abs)        00007C
___awdiv                 text10       000A36
___awdiv@counter         cstackCOMRAM 00001B
___awdiv@dividend        cstackCOMRAM 000016
___awdiv@divisor         cstackCOMRAM 000018
___awdiv@quotient        cstackCOMRAM 00001D
___awdiv@sign            cstackCOMRAM 00001C
___awmod                 text11       000AF2
___awmod@counter         cstackCOMRAM 00001B
___awmod@dividend        cstackCOMRAM 000016
___awmod@divisor         cstackCOMRAM 000018
___awmod@sign            cstackCOMRAM 00001C
___initSystem            text9        000D04
___initSystem@tpr        cstackCOMRAM 000018
___isr_handler           intcodelo    000018
___isr_handler@tpr       cstackCOMRAM 000014
___millis                bssCOMRAM    000041
__accesstop              (abs)        000060
__activetblptr           (abs)        000002
__end_of___awdiv         text10       000AF2
__end_of___awmod         text11       000B9A
__end_of___initSystem    text9        000D66
__end_of___isr_handler   intcodelo    0000F2
__end_of__initialization cinit        000DB2
__end_of__pins           mediumconst  001FFA
__end_of_digitalRead     text7        000CA2
__end_of_digitalWrite    text6        000A36
__end_of_display         text4        000C26
__end_of_displayRaw      text5        000D04
__end_of_fpulse          mediumconst  001FFB
__end_of_loop            text3        000518
__end_of_magazine        mediumconst  001FFC
__end_of_main            text0        000DF8
__end_of_millis          text8        000DE2
__end_of_ok              mediumconst  001FFD
__end_of_pinMode         text2        000864
__end_of_setup           text1        000966
__end_of_trigger         mediumconst  001FFE
__initialization         cinit        000D66
__mediumconst            mediumconst  001F34
__pbssCOMRAM             bssCOMRAM    000041
__pcinit                 cinit        000D66
__pcstackBANK0           cstackBANK0  000074
__pcstackCOMRAM          cstackCOMRAM 000001
__pdataBANK0             dataBANK0    000060
__pdataCOMRAM            dataCOMRAM   00002D
__pidataBANK0            idataBANK0   000E0C
__pidataCOMRAM           idataCOMRAM  000DF8
__pins                   mediumconst  001F34
__pintcodelo             intcodelo    000018
__pmediumconst           mediumconst  001F34
__ptext0                 text0        000DE2
__ptext1                 text1        000864
__ptext10                text10       000A36
__ptext11                text11       000AF2
__ptext2                 text2        000518
__ptext3                 text3        0000F6
__ptext4                 text4        000B9A
__ptext5                 text5        000CA2
__ptext6                 text6        000966
__ptext7                 text7        000C26
__ptext8                 text8        000DBC
__ptext9                 text9        000D04
__ramtop                 ramtop       000200
__size_of___awdiv        (abs)        000000
__size_of___awmod        (abs)        000000
__size_of___initSystem   (abs)        000000
__size_of___isr_handler  (abs)        000000
__size_of_digitalRead    (abs)        000000
__size_of_digitalWrite   (abs)        000000
__size_of_display        (abs)        000000
__size_of_displayRaw     (abs)        000000
__size_of_loop           (abs)        000000
__size_of_main           (abs)        000000
__size_of_millis         (abs)        000000
__size_of_pinMode        (abs)        000000
__size_of_setup          (abs)        000000
__smallconst             smallconst   000000
_ammo                    bssCOMRAM    000049
_digitalRead             text7        000C26
_digitalWrite            text6        000966
_digitsLeft              dataCOMRAM   00002D
_digitsRight             dataBANK0    000060
_display                 text4        000B9A
_displayRaw              text5        000CA2
_fpulse                  mediumconst  001FFA
_loop                    text3        0000F6
_magazine                mediumconst  001FFB
_main                    text0        000DE2
_millis                  text8        000DBC
_ok                      mediumconst  001FFC
_pinMode                 text2        000518
_setup                   text1        000864
_trigger                 mediumconst  001FFD
digitalRead@pin          cstackCOMRAM 000016
digitalWrite@pin         cstackCOMRAM 000016
digitalWrite@val         cstackCOMRAM 000017
display@tval             cstackCOMRAM 00002A
display@v                cstackCOMRAM 000021
displayRaw@tbit          cstackCOMRAM 000020
displayRaw@tval          cstackCOMRAM 00001B
end_of_initialization    cinit        000DB2
intlevel0                text         000000
intlevel1                text         000000
intlevel2                text         000000
intlevel3                text         000000
loop@state               bssCOMRAM    00004A
loop@ts                  bssCOMRAM    000045
millis@mil               cstackCOMRAM 00001A
pinMode@mode             cstackCOMRAM 000017
pinMode@pin              cstackCOMRAM 000016
setup@i                  cstackBANK0  000074
start                    init         0000F2
start_initialization     cinit        000D66


FUNCTION INFORMATION:

 *************** function _main *****************
 Defined at:
		line 219 in file "api.c"
 Parameters:    Size  Location     Type
		None
 Auto vars:     Size  Location     Type
		None
 Return value:  Size  Location     Type
		None               void
 Registers used:
		wreg, fsr2l, fsr2h, status,2, status,0, tblptrl, tblptrh, tblptru, prodl, prodh, cstack
 Tracked objects:
		On entry : 
		On exit  : 
		Unchanged: 
 Data sizes:     COMRAM   BANK0   BANK1
      Params:         0       0       0
      Locals:         0       0       0
      Temps:          0       0       0
      Totals:         0       0       0
Total ram usage:        0 bytes
 Hardware stack levels required when called:    5
 This function calls:
		___initSystem
		_setup
		_loop
 This function is called by:
		Startup code after reset
 This function uses a non-reentrant model


 *************** function _setup *****************
 Defined at:
		line 67 in file "main.c"
 Parameters:    Size  Location     Type
		None
 Auto vars:     Size  Location     Type
  i               2    0[BANK0 ] int 
 Return value:  Size  Location     Type
		None               void
 Registers used:
		wreg, fsr2l, fsr2h, status,2, status,0, tblptrl, tblptrh, tblptru, prodl, prodh, cstack
 Tracked objects:
		On entry : 
		On exit  : 
		Unchanged: 
 Data sizes:     COMRAM   BANK0   BANK1
      Params:         0       0       0
      Locals:         0       2       0
      Temps:          1       0       0
      Totals:         1       2       0
Total ram usage:        3 bytes
 Hardware stack levels used:    1
 Hardware stack levels required when called:    4
 This function calls:
		_pinMode
		_digitalWrite
		_display
 This function is called by:
		_main
 This function uses a non-reentrant model


 *************** function _pinMode *****************
 Defined at:
		line 127 in file "api.c"
 Parameters:    Size  Location     Type
  pin             1   21[COMRAM] unsigned char 
  mode            1   22[COMRAM] unsigned char 
 Auto vars:     Size  Location     Type
		None
 Return value:  Size  Location     Type
		None               void
 Registers used:
		wreg, fsr2l, fsr2h, status,2, status,0, tblptrl, tblptrh, tblptru, prodl, prodh
 Tracked objects:
		On entry : 
		On exit  : 
		Unchanged: 
 Data sizes:     COMRAM   BANK0   BANK1
      Params:         2       0       0
      Locals:         0       0       0
      Temps:          2       0       0
      Totals:         4       0       0
Total ram usage:        4 bytes
 Hardware stack levels used:    1
 Hardware stack levels required when called:    1
 This function calls:
		Nothing
 This function is called by:
		_setup
 This function uses a non-reentrant model


 *************** function _loop *****************
 Defined at:
		line 92 in file "main.c"
 Parameters:    Size  Location     Type
		None
 Auto vars:     Size  Location     Type
		None
 Return value:  Size  Location     Type
		None               void
 Registers used:
		wreg, fsr2l, fsr2h, status,2, status,0, tblptrl, tblptrh, tblptru, prodl, prodh, cstack
 Tracked objects:
		On entry : 
		On exit  : 
		Unchanged: 
 Data sizes:     COMRAM   BANK0   BANK1
      Params:         0       0       0
      Locals:         0       0       0
      Temps:          0       8       0
      Totals:         0       8       0
Total ram usage:        8 bytes
 Hardware stack levels used:    1
 Hardware stack levels required when called:    4
 This function calls:
		_digitalRead
		_millis
		_digitalWrite
		_displayRaw
		_display
 This function is called by:
		_main
 This function uses a non-reentrant model


 *************** function _display *****************
 Defined at:
		line 49 in file "main.c"
 Parameters:    Size  Location     Type
  v               1   32[COMRAM] unsigned char 
 Auto vars:     Size  Location     Type
  tval            2   41[COMRAM] unsigned int 
 Return value:  Size  Location     Type
		None               void
 Registers used:
		wreg, fsr2l, fsr2h, status,2, status,0, tblptrl, tblptrh, tblptru, prodl, prodh, cstack
 Tracked objects:
		On entry : 
		On exit  : 
		Unchanged: 
 Data sizes:     COMRAM   BANK0   BANK1
      Params:         1       0       0
      Locals:         2       0       0
      Temps:          8       0       0
      Totals:        11       0       0
Total ram usage:       11 bytes
 Hardware stack levels used:    1
 Hardware stack levels required when called:    3
 This function calls:
		___awmod
		___awdiv
		_displayRaw
 This function is called by:
		_setup
		_loop
 This function uses a non-reentrant model


 *************** function _displayRaw *****************
 Defined at:
		line 42 in file "main.c"
 Parameters:    Size  Location     Type
  tval            2   26[COMRAM] unsigned int 
 Auto vars:     Size  Location     Type
  tbit            1   31[COMRAM] unsigned char 
 Return value:  Size  Location     Type
		None               void
 Registers used:
		wreg, fsr2l, fsr2h, status,2, status,0, tblptrl, tblptrh, tblptru, prodl, prodh, cstack
 Tracked objects:
		On entry : 
		On exit  : 
		Unchanged: 
 Data sizes:     COMRAM   BANK0   BANK1
      Params:         2       0       0
      Locals:         1       0       0
      Temps:          3       0       0
      Totals:         6       0       0
Total ram usage:        6 bytes
 Hardware stack levels used:    1
 Hardware stack levels required when called:    2
 This function calls:
		_digitalWrite
 This function is called by:
		_display
		_loop
 This function uses a non-reentrant model


 *************** function _digitalWrite *****************
 Defined at:
		line 167 in file "api.c"
 Parameters:    Size  Location     Type
  pin             1   21[COMRAM] unsigned char 
  val             1   22[COMRAM] unsigned char 
 Auto vars:     Size  Location     Type
		None
 Return value:  Size  Location     Type
		None               void
 Registers used:
		wreg, fsr2l, fsr2h, status,2, status,0, tblptrl, tblptrh, tblptru, prodl, prodh
 Tracked objects:
		On entry : 
		On exit  : 
		Unchanged: 
 Data sizes:     COMRAM   BANK0   BANK1
      Params:         2       0       0
      Locals:         0       0       0
      Temps:          3       0       0
      Totals:         5       0       0
Total ram usage:        5 bytes
 Hardware stack levels used:    1
 Hardware stack levels required when called:    1
 This function calls:
		Nothing
 This function is called by:
		_displayRaw
		_setup
		_loop
 This function uses a non-reentrant model


 *************** function _digitalRead *****************
 Defined at:
		line 178 in file "api.c"
 Parameters:    Size  Location     Type
  pin             1   21[COMRAM] unsigned char 
 Auto vars:     Size  Location     Type
		None
 Return value:  Size  Location     Type
                  1    wreg      unsigned char 
 Registers used:
		wreg, fsr2l, fsr2h, status,2, status,0, tblptrl, tblptrh, tblptru, prodl, prodh
 Tracked objects:
		On entry : 
		On exit  : 
		Unchanged: 
 Data sizes:     COMRAM   BANK0   BANK1
      Params:         1       0       0
      Locals:         0       0       0
      Temps:          3       0       0
      Totals:         4       0       0
Total ram usage:        4 bytes
 Hardware stack levels used:    1
 Hardware stack levels required when called:    1
 This function calls:
		Nothing
 This function is called by:
		_loop
 This function uses a non-reentrant model


 *************** function _millis *****************
 Defined at:
		line 112 in file "api.c"
 Parameters:    Size  Location     Type
		None
 Auto vars:     Size  Location     Type
  mil             4   25[COMRAM] unsigned long 
 Return value:  Size  Location     Type
                  4   21[COMRAM] unsigned long 
 Registers used:
		None
 Tracked objects:
		On entry : 
		On exit  : 
		Unchanged: 
 Data sizes:     COMRAM   BANK0   BANK1
      Params:         4       0       0
      Locals:         4       0       0
      Temps:          0       0       0
      Totals:         8       0       0
Total ram usage:        8 bytes
 Hardware stack levels used:    1
 Hardware stack levels required when called:    1
 This function calls:
		Nothing
 This function is called by:
		_loop
		_delay
 This function uses a non-reentrant model


 *************** function ___initSystem *****************
 Defined at:
		line 185 in file "api.c"
 Parameters:    Size  Location     Type
		None
 Auto vars:     Size  Location     Type
  tpr             2   23[COMRAM] unsigned int 
 Return value:  Size  Location     Type
		None               void
 Registers used:
		wreg, status,2, status,0
 Tracked objects:
		On entry : 
		On exit  : 
		Unchanged: 
 Data sizes:     COMRAM   BANK0   BANK1
      Params:         0       0       0
      Locals:         2       0       0
      Temps:          2       0       0
      Totals:         4       0       0
Total ram usage:        4 bytes
 Hardware stack levels used:    1
 Hardware stack levels required when called:    1
 This function calls:
		Nothing
 This function is called by:
		_main
 This function uses a non-reentrant model


 *************** function ___awdiv *****************
 Defined at:
		line 10 in file "/opt/microchip/xc8/v1.12/sources/awdiv.c"
 Parameters:    Size  Location     Type
  dividend        2   21[COMRAM] int 
  divisor         2   23[COMRAM] int 
 Auto vars:     Size  Location     Type
  quotient        2   28[COMRAM] int 
  sign            1   27[COMRAM] unsigned char 
  counter         1   26[COMRAM] unsigned char 
 Return value:  Size  Location     Type
                  2   21[COMRAM] int 
 Registers used:
		wreg, status,2, status,0
 Tracked objects:
		On entry : 
		On exit  : 
		Unchanged: 
 Data sizes:     COMRAM   BANK0   BANK1
      Params:         4       0       0
      Locals:         4       0       0
      Temps:          1       0       0
      Totals:         9       0       0
Total ram usage:        9 bytes
 Hardware stack levels used:    1
 Hardware stack levels required when called:    1
 This function calls:
		Nothing
 This function is called by:
		_display
 This function uses a non-reentrant model


 *************** function ___awmod *****************
 Defined at:
		line 10 in file "/opt/microchip/xc8/v1.12/sources/awmod.c"
 Parameters:    Size  Location     Type
  dividend        2   21[COMRAM] int 
  divisor         2   23[COMRAM] int 
 Auto vars:     Size  Location     Type
  sign            1   27[COMRAM] unsigned char 
  counter         1   26[COMRAM] unsigned char 
 Return value:  Size  Location     Type
                  2   21[COMRAM] int 
 Registers used:
		wreg, status,2, status,0
 Tracked objects:
		On entry : 
		On exit  : 
		Unchanged: 
 Data sizes:     COMRAM   BANK0   BANK1
      Params:         4       0       0
      Locals:         2       0       0
      Temps:          1       0       0
      Totals:         7       0       0
Total ram usage:        7 bytes
 Hardware stack levels used:    1
 Hardware stack levels required when called:    1
 This function calls:
		Nothing
 This function is called by:
		_display
 This function uses a non-reentrant model


 *************** function ___isr_handler *****************
 Defined at:
		line 101 in file "api.c"
 Parameters:    Size  Location     Type
		None
 Auto vars:     Size  Location     Type
  tpr             2   19[COMRAM] unsigned int 
 Return value:  Size  Location     Type
		None               void
 Registers used:
		wreg, status,2, status,0
 Tracked objects:
		On entry : 
		On exit  : 
		Unchanged: 
 Data sizes:     COMRAM   BANK0   BANK1
      Params:         0       0       0
      Locals:         2       0       0
      Temps:         19       0       0
      Totals:        21       0       0
Total ram usage:       21 bytes
 Hardware stack levels used:    1
 This function calls:
		Nothing
 This function is called by:
		Interrupt level 1
 This function uses a non-reentrant model



MODULE INFORMATION

Module		Function		Class		Link	Load	Size
api.c
		_millis        		CODE           	0DBC	0000	38
		___initSystem  		CODE           	0D04	0000	98
		_main          		CODE           	0DE2	0000	22
		_digitalRead   		CODE           	0C26	0000	124
		___isr_handler 		CODE           	0018	0000	218
		_digitalWrite  		CODE           	0966	0000	208
		_pinMode       		CODE           	0518	0000	844

api.c estimated size: 1552

shared
		_trigger       		MEDIUMCONST    	1FFD	0000	1
		__pins         		MEDIUMCONST    	1F34	0000	198
		_fpulse        		MEDIUMCONST    	1FFA	0000	1
		__initializatio		CODE           	0D66	0000	76
		_ok            		MEDIUMCONST    	1FFC	0000	1
		_magazine      		MEDIUMCONST    	1FFB	0000	1

shared estimated size: 278

main.c
		_loop          		CODE           	00F6	0000	1058
		_display       		CODE           	0B9A	0000	140
		_displayRaw    		CODE           	0CA2	0000	98
		_setup         		CODE           	0864	0000	258

main.c estimated size: 1554

/opt/microchip/xc8/v1.12/sources/awmod.c
		___awmod       		CODE           	0AF2	0000	168

/opt/microchip/xc8/v1.12/sources/awmod.c estimated size: 168

/opt/microchip/xc8/v1.12/sources/awdiv.c
		___awdiv       		CODE           	0A36	0000	188

/opt/microchip/xc8/v1.12/sources/awdiv.c estimated size: 188

